// Jest Snapshot v1, https://goo.gl/fbAQLP

exports[`Pagination should render 1`] = `null`;

exports[`Pagination should render 2`] = `null`;

exports[`Pagination should render 3`] = `
<div
  className="css-i65pe3"
>
  <button
    className="css-1mdttzm"
    onClick={[Function]}
    type="button"
  />
  <button
    className="css-1mdttzm"
    onClick={[Function]}
    type="button"
  />
  <button
    className="css-1mdttzm"
    onClick={[Function]}
    type="button"
  />
  <button
    className="css-1mdttzm"
    onClick={[Function]}
    type="button"
  />
  <button
    className="css-1mdttzm"
    onClick={[Function]}
    type="button"
  />
</div>
`;
